==> Building ptpd for iOS Simulator...
-- ====================================
-- Platform Detection (Phase 2)
-- ====================================
-- Platform detection complete
--   Headers detected: 1, 1, 1
--   Functions detected: 1, 1, 1
-- ====================================
-- Found pcap-config: /usr/bin/pcap-config
-- PCAP detection method: pcap-config
-- PCAP libraries: pcap
-- PCAP include dirs: /usr/local/include
-- Found net-snmp-config: /usr/bin/net-snmp-config
-- Could NOT find NETSNMP (missing: HAVE_NET_SNMP_NET_SNMP_CONFIG_H) 
-- 
-- ====================================
-- Build Options Summary
-- ====================================
--   ENABLE_POSIX_TIMERS:     OFF
--   ENABLE_PCAP:             OFF
--   ENABLE_SNMP:             OFF
--   ENABLE_STATISTICS:       ON
--   ENABLE_DAEMON:           OFF
--   ENABLE_EXPERIMENTAL:     OFF
--   ENABLE_RUNTIME_DEBUG:    OFF
--   DEBUG_LEVEL:             all
--   ENABLE_SLAVE_ONLY:       ON
--   ENABLE_SO_TIMESTAMPING:  OFF
--   MAX_UNICAST_DESTINATIONS: 128
-- ====================================
-- 
-- Building ptpd as static library (PTPD_LIBRARY_MODE enabled)
CMake Warning at libraries/swclock/CMakeLists.txt:96 (message):
  GoogleTest not found.  Install GoogleTest to build unit tests:


CMake Warning at libraries/swclock/CMakeLists.txt:97 (message):
    brew install googletest


-- Run: ./scripts/setup.sh to install dependencies
-- Build type: Debug
-- C compiler: /Applications/Xcode.app/Contents/Developer/Toolchains/XcodeDefault.xctoolchain/usr/bin/clang
-- C flags: -DPTPD_IOS=1 -DPTPD_LIBRARY_MODE=1 -D__APPLE__
-- Debug flags: -g -O0 -Wall -Wextra -DDEBUG
-- SwClock backend: ENABLED (software clock)
-- 
-- ====================================
-- PTPd Configuration (Phase 4 - Configuration Options)
-- ====================================
--   Build Type:        Debug
--   C Compiler:        /Applications/Xcode.app/Contents/Developer/Toolchains/XcodeDefault.xctoolchain/usr/bin/clang
--   C Standard:        C99
--   Install Prefix:    /usr/local
--   Math Library:      /Applications/Xcode.app/Contents/Developer/Platforms/iPhoneSimulator.platform/Developer/SDKs/iPhoneSimulator26.2.sdk/usr/lib/libm.tbd
-- ====================================
-- 
-- Configuring done (0.2s)
-- Generating done (0.0s)
-- Build files have been written to: /Users/alfredo/Workspace/PTP-Implementation/ptpd/build-cmake/ios-simulator
==> Building ptpd libraries...
Command line invocation:
    /Applications/Xcode.app/Contents/Developer/usr/bin/xcodebuild -project ptpd.xcodeproj -scheme ALL_BUILD -configuration Debug -sdk iphonesimulator -arch x86_64 -arch arm64 build

Build settings from command line:
    ARCHS = x86_64 arm64
    SDKROOT = iphonesimulator26.2

2026-02-19 18:00:48.868 xcodebuild[60359:579386] [MT] IDERunDestination: Supported platforms for the buildables in the current scheme is empty.
--- xcodebuild: WARNING: Using the first of multiple matching destinations:
{ platform:iOS Simulator, id:dvtdevice-DVTiOSDeviceSimulatorPlaceholder-iphonesimulator:placeholder, name:Any iOS Simulator Device }
{ platform:iOS Simulator, arch:arm64, id:51833E2F-5AA3-49A7-80D7-37717D1CB237, OS:17.5, name:iPad (10th generation) }
{ platform:iOS Simulator, arch:x86_64, id:51833E2F-5AA3-49A7-80D7-37717D1CB237, OS:17.5, name:iPad (10th generation) }
{ platform:iOS Simulator, arch:arm64, id:EA3A0F05-4104-4C5C-A425-648D25FEFCF9, OS:18.3.1, name:iPad (10th generation) }
{ platform:iOS Simulator, arch:x86_64, id:EA3A0F05-4104-4C5C-A425-648D25FEFCF9, OS:18.3.1, name:iPad (10th generation) }
{ platform:iOS Simulator, arch:arm64, id:B011C052-AB05-4AA7-823B-DB2EC8E65C00, OS:18.3.1, name:iPad (A16) }
{ platform:iOS Simulator, arch:x86_64, id:B011C052-AB05-4AA7-823B-DB2EC8E65C00, OS:18.3.1, name:iPad (A16) }
{ platform:iOS Simulator, arch:arm64, id:3792BE9E-9C82-4E0F-A0C8-E4C200C9BEE4, OS:18.6, name:iPad (A16) }
{ platform:iOS Simulator, arch:x86_64, id:3792BE9E-9C82-4E0F-A0C8-E4C200C9BEE4, OS:18.6, name:iPad (A16) }
{ platform:iOS Simulator, arch:arm64, id:2A647CF8-F33E-412C-8D79-8AE8A6983242, OS:26.2, name:iPad (A16) }
{ platform:iOS Simulator, arch:arm64, id:9EC8B0DD-4494-483D-B8EC-636E66FC96D4, OS:17.5, name:iPad Air 11-inch (M2) }
{ platform:iOS Simulator, arch:x86_64, id:9EC8B0DD-4494-483D-B8EC-636E66FC96D4, OS:17.5, name:iPad Air 11-inch (M2) }
{ platform:iOS Simulator, arch:arm64, id:77D97148-5DA3-4B7B-92C2-AA7AB43CA56E, OS:18.3.1, name:iPad Air 11-inch (M2) }
{ platform:iOS Simulator, arch:x86_64, id:77D97148-5DA3-4B7B-92C2-AA7AB43CA56E, OS:18.3.1, name:iPad Air 11-inch (M2) }
{ platform:iOS Simulator, arch:arm64, id:D3FDF45F-B8FD-4A32-965A-401B283CE1AA, OS:18.3.1, name:iPad Air 11-inch (M3) }
{ platform:iOS Simulator, arch:x86_64, id:D3FDF45F-B8FD-4A32-965A-401B283CE1AA, OS:18.3.1, name:iPad Air 11-inch (M3) }
{ platform:iOS Simulator, arch:arm64, id:2A575DE8-137E-4604-B451-D4361F7C8226, OS:18.6, name:iPad Air 11-inch (M3) }
{ platform:iOS Simulator, arch:x86_64, id:2A575DE8-137E-4604-B451-D4361F7C8226, OS:18.6, name:iPad Air 11-inch (M3) }
{ platform:iOS Simulator, arch:arm64, id:005EF4B5-00F5-4C11-99BF-E16575BBFD08, OS:26.2, name:iPad Air 11-inch (M3) }
{ platform:iOS Simulator, arch:arm64, id:310CC82B-332D-4DF1-975F-11F74BE6037E, OS:17.5, name:iPad Air 13-inch (M2) }
{ platform:iOS Simulator, arch:x86_64, id:310CC82B-332D-4DF1-975F-11F74BE6037E, OS:17.5, name:iPad Air 13-inch (M2) }
{ platform:iOS Simulator, arch:arm64, id:64D0331B-3905-47A9-801F-35FBED8BDA73, OS:18.3.1, name:iPad Air 13-inch (M2) }
{ platform:iOS Simulator, arch:x86_64, id:64D0331B-3905-47A9-801F-35FBED8BDA73, OS:18.3.1, name:iPad Air 13-inch (M2) }
{ platform:iOS Simulator, arch:arm64, id:1C316E69-4DE4-484A-9F19-8E9A0889F869, OS:18.3.1, name:iPad Air 13-inch (M3) }
{ platform:iOS Simulator, arch:x86_64, id:1C316E69-4DE4-484A-9F19-8E9A0889F869, OS:18.3.1, name:iPad Air 13-inch (M3) }
{ platform:iOS Simulator, arch:arm64, id:AB911EF7-8587-41B2-848A-F57A866CDCE7, OS:18.6, name:iPad Air 13-inch (M3) }
{ platform:iOS Simulator, arch:x86_64, id:AB911EF7-8587-41B2-848A-F57A866CDCE7, OS:18.6, name:iPad Air 13-inch (M3) }
{ platform:iOS Simulator, arch:arm64, id:21AFD556-B8BC-4E10-AC2A-2AA187497338, OS:26.2, name:iPad Air 13-inch (M3) }
{ platform:iOS Simulator, arch:arm64, id:A604EF1D-82C9-4B8E-B73D-4C9A710C6F50, OS:17.5, name:iPad Pro 11-inch (M4) }
{ platform:iOS Simulator, arch:x86_64, id:A604EF1D-82C9-4B8E-B73D-4C9A710C6F50, OS:17.5, name:iPad Pro 11-inch (M4) }
{ platform:iOS Simulator, arch:arm64, id:4A8867C6-EBD5-4618-93B1-99ADDCAB1102, OS:18.3.1, name:iPad Pro 11-inch (M4) }
{ platform:iOS Simulator, arch:x86_64, id:4A8867C6-EBD5-4618-93B1-99ADDCAB1102, OS:18.3.1, name:iPad Pro 11-inch (M4) }
{ platform:iOS Simulator, arch:arm64, id:9B46DE92-8C5E-4E78-9393-0037DCB5B4F4, OS:18.6, name:iPad Pro 11-inch (M4) }
{ platform:iOS Simulator, arch:x86_64, id:9B46DE92-8C5E-4E78-9393-0037DCB5B4F4, OS:18.6, name:iPad Pro 11-inch (M4) }
{ platform:iOS Simulator, arch:arm64, id:C7455944-6F9C-4BE2-ABAE-14D8FCF9F7BC, OS:26.2, name:iPad Pro 11-inch (M5) }
{ platform:iOS Simulator, arch:arm64, id:B1BB1090-9609-46FF-BA27-BCBD866E24D0, OS:17.5, name:iPad Pro 13-inch (M4) }
{ platform:iOS Simulator, arch:x86_64, id:B1BB1090-9609-46FF-BA27-BCBD866E24D0, OS:17.5, name:iPad Pro 13-inch (M4) }
{ platform:iOS Simulator, arch:arm64, id:6C679AD4-5D5D-458A-B4EF-DCDCFB2FDAC7, OS:18.3.1, name:iPad Pro 13-inch (M4) }
{ platform:iOS Simulator, arch:x86_64, id:6C679AD4-5D5D-458A-B4EF-DCDCFB2FDAC7, OS:18.3.1, name:iPad Pro 13-inch (M4) }
{ platform:iOS Simulator, arch:arm64, id:F59AE302-BE1B-4F9C-B64F-46B644E8C955, OS:18.6, name:iPad Pro 13-inch (M4) }
{ platform:iOS Simulator, arch:x86_64, id:F59AE302-BE1B-4F9C-B64F-46B644E8C955, OS:18.6, name:iPad Pro 13-inch (M4) }
{ platform:iOS Simulator, arch:arm64, id:E219D7E9-08DA-493B-9320-A82BE1BA2031, OS:26.2, name:iPad Pro 13-inch (M5) }
{ platform:iOS Simulator, arch:arm64, id:76A69222-7C2C-4287-A009-DE146DAFB441, OS:17.5, name:iPad mini (6th generation) }
{ platform:iOS Simulator, arch:x86_64, id:76A69222-7C2C-4287-A009-DE146DAFB441, OS:17.5, name:iPad mini (6th generation) }
{ platform:iOS Simulator, arch:arm64, id:278BF27A-8166-43B6-A944-2719EF7FE1BF, OS:18.3.1, name:iPad mini (A17 Pro) }
{ platform:iOS Simulator, arch:x86_64, id:278BF27A-8166-43B6-A944-2719EF7FE1BF, OS:18.3.1, name:iPad mini (A17 Pro) }
{ platform:iOS Simulator, arch:arm64, id:801E2EA6-93A1-4709-9453-63B833B64234, OS:18.6, name:iPad mini (A17 Pro) }
{ platform:iOS Simulator, arch:x86_64, id:801E2EA6-93A1-4709-9453-63B833B64234, OS:18.6, name:iPad mini (A17 Pro) }
{ platform:iOS Simulator, arch:arm64, id:C7C4B80A-02CF-4D77-A481-65F066C55464, OS:26.2, name:iPad mini (A17 Pro) }
{ platform:iOS Simulator, arch:arm64, id:273722F1-BFDC-4CCB-B8F0-DB66F270218A, OS:17.5, name:iPhone 15 }
{ platform:iOS Simulator, arch:x86_64, id:273722F1-BFDC-4CCB-B8F0-DB66F270218A, OS:17.5, name:iPhone 15 }
{ platform:iOS Simulator, arch:arm64, id:A81E28E3-4334-429E-AC61-0A89C8652DAA, OS:17.5, name:iPhone 15 Plus }
{ platform:iOS Simulator, arch:x86_64, id:A81E28E3-4334-429E-AC61-0A89C8652DAA, OS:17.5, name:iPhone 15 Plus }
{ platform:iOS Simulator, arch:arm64, id:D4C8EB3F-505A-472D-A186-168C53B2D7B6, OS:17.5, name:iPhone 15 Pro }
{ platform:iOS Simulator, arch:x86_64, id:D4C8EB3F-505A-472D-A186-168C53B2D7B6, OS:17.5, name:iPhone 15 Pro }
{ platform:iOS Simulator, arch:arm64, id:42FCC5B8-373D-41CD-B1FA-D4EC5839DCCC, OS:17.5, name:iPhone 15 Pro Max }
{ platform:iOS Simulator, arch:x86_64, id:42FCC5B8-373D-41CD-B1FA-D4EC5839DCCC, OS:17.5, name:iPhone 15 Pro Max }
{ platform:iOS Simulator, arch:arm64, id:A6B3AF29-D20D-44C5-8316-321B5ED78174, OS:18.3.1, name:iPhone 16 }
{ platform:iOS Simulator, arch:x86_64, id:A6B3AF29-D20D-44C5-8316-321B5ED78174, OS:18.3.1, name:iPhone 16 }
{ platform:iOS Simulator, arch:arm64, id:1EA865F9-7EA1-4F4E-BFAF-41A8B8BEAACC, OS:18.6, name:iPhone 16 }
{ platform:iOS Simulator, arch:x86_64, id:1EA865F9-7EA1-4F4E-BFAF-41A8B8BEAACC, OS:18.6, name:iPhone 16 }
{ platform:iOS Simulator, arch:arm64, id:B1A4E081-11FF-4693-8B35-85E46BF12EC3, OS:18.3.1, name:iPhone 16 Plus }
{ platform:iOS Simulator, arch:x86_64, id:B1A4E081-11FF-4693-8B35-85E46BF12EC3, OS:18.3.1, name:iPhone 16 Plus }
{ platform:iOS Simulator, arch:arm64, id:7784E5DA-4857-494E-88EF-ED67A47DDECE, OS:18.6, name:iPhone 16 Plus }
{ platform:iOS Simulator, arch:x86_64, id:7784E5DA-4857-494E-88EF-ED67A47DDECE, OS:18.6, name:iPhone 16 Plus }
{ platform:iOS Simulator, arch:arm64, id:C3F3DBCE-2497-4117-94C7-5A2BCB89F1A9, OS:18.3.1, name:iPhone 16 Pro }
{ platform:iOS Simulator, arch:x86_64, id:C3F3DBCE-2497-4117-94C7-5A2BCB89F1A9, OS:18.3.1, name:iPhone 16 Pro }
{ platform:iOS Simulator, arch:arm64, id:B078710C-9EE5-4995-A4B5-E3F2D547ED49, OS:18.6, name:iPhone 16 Pro }
{ platform:iOS Simulator, arch:x86_64, id:B078710C-9EE5-4995-A4B5-E3F2D547ED49, OS:18.6, name:iPhone 16 Pro }
{ platform:iOS Simulator, arch:arm64, id:10F3CB7D-96D0-436C-8D96-408B9DE2399B, OS:18.3.1, name:iPhone 16 Pro Max }
{ platform:iOS Simulator, arch:x86_64, id:10F3CB7D-96D0-436C-8D96-408B9DE2399B, OS:18.3.1, name:iPhone 16 Pro Max }
{ platform:iOS Simulator, arch:arm64, id:87230229-D29B-4587-A68D-76B7470C0A21, OS:18.6, name:iPhone 16 Pro Max }
{ platform:iOS Simulator, arch:x86_64, id:87230229-D29B-4587-A68D-76B7470C0A21, OS:18.6, name:iPhone 16 Pro Max }
{ platform:iOS Simulator, arch:arm64, id:A968998A-DD97-41A5-BB19-27D0EB0B83EC, OS:18.3.1, name:iPhone 16e }
{ platform:iOS Simulator, arch:x86_64, id:A968998A-DD97-41A5-BB19-27D0EB0B83EC, OS:18.3.1, name:iPhone 16e }
{ platform:iOS Simulator, arch:arm64, id:CB229452-6BC1-47C1-865C-97224A92CEE5, OS:18.6, name:iPhone 16e }
{ platform:iOS Simulator, arch:x86_64, id:CB229452-6BC1-47C1-865C-97224A92CEE5, OS:18.6, name:iPhone 16e }
{ platform:iOS Simulator, arch:arm64, id:37A462CA-42AC-4B7E-B6DE-A5D9982CC1A4, OS:26.2, name:iPhone 16e }
{ platform:iOS Simulator, arch:arm64, id:B48FF4C4-61F6-49FB-9BA8-1F746E81D09B, OS:26.2, name:iPhone 17 }
{ platform:iOS Simulator, arch:arm64, id:B01A0E0D-595C-4A7C-AD4F-421BC6F9B195, OS:26.2, name:iPhone 17 Pro }
{ platform:iOS Simulator, arch:arm64, id:F9257D04-E4BA-464C-88F1-E669108DA8FB, OS:26.2, name:iPhone 17 Pro Max }
{ platform:iOS Simulator, arch:arm64, id:2386A98D-FC6F-4C2A-8945-895C794E376C, OS:26.2, name:iPhone Air }
{ platform:iOS Simulator, arch:arm64, id:0FD3408D-7C09-4915-A9C6-2E33E2816148, OS:17.5, name:iPhone SE (3rd generation) }
{ platform:iOS Simulator, arch:x86_64, id:0FD3408D-7C09-4915-A9C6-2E33E2816148, OS:17.5, name:iPhone SE (3rd generation) }
{ platform:iOS Simulator, arch:arm64, id:016631FD-F05E-4C49-B7D0-F87146AAE88F, OS:18.3.1, name:iPhone SE (3rd generation) }
{ platform:iOS Simulator, arch:x86_64, id:016631FD-F05E-4C49-B7D0-F87146AAE88F, OS:18.3.1, name:iPhone SE (3rd generation) }
ComputePackagePrebuildTargetDependencyGraph

CreateBuildRequest

SendProjectDescription

CreateBuildOperation

ComputeTargetDependencyGraph
note: Building targets in dependency order
note: Target dependency graph (6 targets)
    Target 'ALL_BUILD' in project 'ptpd'
        ➜ Explicit dependency on target 'ptpd2' in project 'ptpd'
        ➜ Explicit dependency on target 'swclock' in project 'ptpd'
        ➜ Explicit dependency on target 'ZERO_CHECK' in project 'ptpd'
        ➜ Explicit dependency on target 'swclock_event_dump' in project 'ptpd'
        ➜ Explicit dependency on target 'monitor_demo' in project 'ptpd'
    Target 'monitor_demo' in project 'ptpd'
        ➜ Explicit dependency on target 'swclock' in project 'ptpd'
    Target 'swclock_event_dump' in project 'ptpd'
        ➜ Explicit dependency on target 'swclock' in project 'ptpd'
    Target 'ptpd2' in project 'ptpd'
        ➜ Explicit dependency on target 'swclock' in project 'ptpd'
        ➜ Explicit dependency on target 'ZERO_CHECK' in project 'ptpd'
    Target 'ZERO_CHECK' in project 'ptpd' (no dependencies)
    Target 'swclock' in project 'ptpd' (no dependencies)

GatherProvisioningInputs

CreateBuildDescription

ExecuteExternalTool /Applications/Xcode.app/Contents/Developer/Toolchains/XcodeDefault.xctoolchain/usr/bin/clang -v -E -dM -isysroot /Applications/Xcode.app/Contents/Developer/Platforms/iPhoneSimulator.platform/Developer/SDKs/iPhoneSimulator26.2.sdk -x c -c /dev/null

ExecuteExternalTool /Applications/Xcode.app/Contents/Developer/Toolchains/XcodeDefault.xctoolchain/usr/bin/clang -v -E -dM -arch x86_64 -isysroot /Applications/Xcode.app/Contents/Developer/Platforms/iPhoneSimulator.platform/Developer/SDKs/iPhoneSimulator26.2.sdk -x c -c /dev/null

ExecuteExternalTool /Applications/Xcode.app/Contents/Developer/Toolchains/XcodeDefault.xctoolchain/usr/bin/ld -version_details

ExecuteExternalTool /Applications/Xcode.app/Contents/Developer/Toolchains/XcodeDefault.xctoolchain/usr/bin/libtool -V

ExecuteExternalTool /Applications/Xcode.app/Contents/Developer/Toolchains/XcodeDefault.xctoolchain/usr/bin/clang -v -E -dM -arch arm64 -isysroot /Applications/Xcode.app/Contents/Developer/Platforms/iPhoneSimulator.platform/Developer/SDKs/iPhoneSimulator26.2.sdk -x c -c /dev/null

Build description signature: 847bf202cc92df4aa3b64cb6673adc71
Build description path: /Users/alfredo/Workspace/PTP-Implementation/ptpd/build-cmake/ios-simulator/build/XCBuildData/847bf202cc92df4aa3b64cb6673adc71.xcbuilddata
ClangStatCache /Applications/Xcode.app/Contents/Developer/Toolchains/XcodeDefault.xctoolchain/usr/bin/clang-stat-cache /Applications/Xcode.app/Contents/Developer/Platforms/iPhoneSimulator.platform/Developer/SDKs/iPhoneSimulator26.2.sdk /Users/alfredo/Library/Developer/Xcode/DerivedData/SDKStatCaches.noindex/iphonesimulator26.2-23C53-7d00a8b37fbd7999ea79df8ebc024bf0.sdkstatcache
    cd /Users/alfredo/Workspace/PTP-Implementation/ptpd/build-cmake/ios-simulator/ptpd.xcodeproj
    /Applications/Xcode.app/Contents/Developer/Toolchains/XcodeDefault.xctoolchain/usr/bin/clang-stat-cache /Applications/Xcode.app/Contents/Developer/Platforms/iPhoneSimulator.platform/Developer/SDKs/iPhoneSimulator26.2.sdk -o /Users/alfredo/Library/Developer/Xcode/DerivedData/SDKStatCaches.noindex/iphonesimulator26.2-23C53-7d00a8b37fbd7999ea79df8ebc024bf0.sdkstatcache

PhaseScriptExecution Generate\ CMakeFiles/ZERO_CHECK /Users/alfredo/Workspace/PTP-Implementation/ptpd/build-cmake/ios-simulator/build/ptpd.build/Debug-iphonesimulator/ZERO_CHECK.build/Script-2A20553A1A9CE76283808DB2.sh (in target 'ZERO_CHECK' from project 'ptpd')
    cd /Users/alfredo/Workspace/PTP-Implementation/ptpd
    /bin/sh -c /Users/alfredo/Workspace/PTP-Implementation/ptpd/build-cmake/ios-simulator/build/ptpd.build/Debug-iphonesimulator/ZERO_CHECK.build/Script-2A20553A1A9CE76283808DB2.sh
make: `/Users/alfredo/Workspace/PTP-Implementation/ptpd/build-cmake/ios-simulator/CMakeFiles/cmake.check_cache' is up to date.

CompileC /Users/alfredo/Workspace/PTP-Implementation/ptpd/build-cmake/ios-simulator/build/ptpd2.build/Debug-iphonesimulator/Objects-normal/arm64/daemonconfig.o /Users/alfredo/Workspace/PTP-Implementation/ptpd/src/dep/daemonconfig.c normal arm64 c com.apple.compilers.llvm.clang.1_0.compiler (in target 'ptpd2' from project 'ptpd')
    cd /Users/alfredo/Workspace/PTP-Implementation/ptpd
    
    Using response file: /Users/alfredo/Workspace/PTP-Implementation/ptpd/build-cmake/ios-simulator/build/ptpd2.build/Debug-iphonesimulator/Objects-normal/arm64/7187679823f38a2a940e0043cdf9d637-common-args.resp
    
    /Applications/Xcode.app/Contents/Developer/Toolchains/XcodeDefault.xctoolchain/usr/bin/clang -x c -ivfsstatcache /Users/alfredo/Library/Developer/Xcode/DerivedData/SDKStatCaches.noindex/iphonesimulator26.2-23C53-7d00a8b37fbd7999ea79df8ebc024bf0.sdkstatcache -fmessage-length\=0 -fdiagnostics-show-note-include-stack -fmacro-backtrace-limit\=0 -fno-color-diagnostics -Wno-trigraphs -Wno-missing-field-initializers -Wno-missing-prototypes -Wno-return-type -Wno-missing-braces -Wparentheses -Wswitch -Wno-unused-function -Wno-unused-label -Wno-unused-parameter -Wno-unused-variable -Wunused-value -Wno-empty-body -Wno-uninitialized -Wno-unknown-pragmas -Wno-shadow -Wno-four-char-constants -Wno-conversion -Wno-constant-conversion -Wno-int-conversion -Wno-bool-conversion -Wno-enum-conversion -Wno-float-conversion -Wno-non-literal-null-conversion -Wno-objc-literal-conversion -Wshorten-64-to-32 -Wpointer-sign -Wno-newline-eof -Wno-implicit-fallthrough -fstrict-aliasing -Wdeprecated-declarations -Wno-sign-conversion -Wno-infinite-recursion -Wno-comma -Wno-block-capture-autoreleasing -Wno-strict-prototypes -Wno-semicolon-before-method-body -index-store-path /Users/alfredo/Library/Developer/Xcode/DerivedData/ptpd-ckkaoshwswuydmbetxbmgznxlvtr/Index.noindex/DataStore -Wall @/Users/alfredo/Workspace/PTP-Implementation/ptpd/build-cmake/ios-simulator/build/ptpd2.build/Debug-iphonesimulator/Objects-normal/arm64/7187679823f38a2a940e0043cdf9d637-common-args.resp -MMD -MT dependencies -MF /Users/alfredo/Workspace/PTP-Implementation/ptpd/build-cmake/ios-simulator/build/ptpd2.build/Debug-iphonesimulator/Objects-normal/arm64/daemonconfig.d --serialize-diagnostics /Users/alfredo/Workspace/PTP-Implementation/ptpd/build-cmake/ios-simulator/build/ptpd2.build/Debug-iphonesimulator/Objects-normal/arm64/daemonconfig.dia -c /Users/alfredo/Workspace/PTP-Implementation/ptpd/src/dep/daemonconfig.c -o /Users/alfredo/Workspace/PTP-Implementation/ptpd/build-cmake/ios-simulator/build/ptpd2.build/Debug-iphonesimulator/Objects-normal/arm64/daemonconfig.o -index-unit-output-path /ptpd2.build/Debug-iphonesimulator/Objects-normal/arm64/daemonconfig.o
In file included from /Users/alfredo/Workspace/PTP-Implementation/ptpd/src/dep/daemonconfig.c:40:
In file included from /Users/alfredo/Workspace/PTP-Implementation/ptpd/src/dep/../ptpd.h:162:
/Users/alfredo/Workspace/PTP-Implementation/ptpd/src/dep/../dep/constants_dep.h:149:9: warning: 'UNICAST_MAX_DESTINATIONS' macro redefined [-Wmacro-redefined]
  149 | #define UNICAST_MAX_DESTINATIONS 16
      |         ^
In file included from /Users/alfredo/Workspace/PTP-Implementation/ptpd/src/dep/daemonconfig.c:40:
In file included from /Users/alfredo/Workspace/PTP-Implementation/ptpd/src/dep/../ptpd.h:22:
/Users/alfredo/Workspace/PTP-Implementation/ptpd/build-cmake/ios-simulator/config.h:243:9: note: previous definition is here
  243 | #define UNICAST_MAX_DESTINATIONS 128
      |         ^
/Users/alfredo/Workspace/PTP-Implementation/ptpd/src/dep/daemonconfig.c:226:11: warning: implicit conversion loses integer precision: 'unsigned long' to 'int' [-Wshorten-64-to-32]
  226 |     len = strlen(helptext);
      |         ~ ^~~~~~~~~~~~~~~~
2 warnings generated.

Ld /Users/alfredo/Workspace/PTP-Implementation/ptpd/build-cmake/ios-simulator/build/monitor_demo.build/Debug-iphonesimulator/Objects-normal/x86_64/Binary/monitor_demo normal x86_64 (in target 'monitor_demo' from project 'ptpd')
    cd /Users/alfredo/Workspace/PTP-Implementation/ptpd
    /Applications/Xcode.app/Contents/Developer/Toolchains/XcodeDefault.xctoolchain/usr/bin/clang -Xlinker -reproducible -target x86_64-apple-ios15.0-simulator -isysroot /Applications/Xcode.app/Contents/Developer/Platforms/iPhoneSimulator.platform/Developer/SDKs/iPhoneSimulator26.2.sdk -O0 -L/Users/alfredo/Workspace/PTP-Implementation/ptpd/build-cmake/ios-simulator/build/EagerLinkingTBDs/Debug-iphonesimulator -L/Users/alfredo/Workspace/PTP-Implementation/ptpd/build-cmake/ios-simulator/libraries/swclock/Debug-iphonesimulator -F/Users/alfredo/Workspace/PTP-Implementation/ptpd/build-cmake/ios-simulator/build/EagerLinkingTBDs/Debug-iphonesimulator -F/Users/alfredo/Workspace/PTP-Implementation/ptpd/build-cmake/ios-simulator/libraries/swclock/Debug-iphonesimulator -filelist /Users/alfredo/Workspace/PTP-Implementation/ptpd/build-cmake/ios-simulator/build/monitor_demo.build/Debug-iphonesimulator/Objects-normal/x86_64/monitor_demo.LinkFileList -dead_strip -Xlinker -object_path_lto -Xlinker /Users/alfredo/Workspace/PTP-Implementation/ptpd/build-cmake/ios-simulator/build/monitor_demo.build/Debug-iphonesimulator/Objects-normal/x86_64/monitor_demo_lto.o -Xlinker -no_deduplicate -Xlinker -objc_abi_version -Xlinker 2 -Xlinker -dependency_info -Xlinker /Users/alfredo/Workspace/PTP-Implementation/ptpd/build-cmake/ios-simulator/build/monitor_demo.build/Debug-iphonesimulator/Objects-normal/x86_64/monitor_demo_dependency_info.dat -Wl,-headerpad_max_install_names /Users/alfredo/Workspace/PTP-Implementation/ptpd/build-cmake/ios-simulator/libraries/swclock/Debug-iphonesimulator/libswclock.a /Applications/Xcode.app/Contents/Developer/Platforms/iPhoneSimulator.platform/Developer/SDKs/iPhoneSimulator26.2.sdk/usr/lib/libm.tbd /Applications/Xcode.app/Contents/Developer/Platforms/iPhoneSimulator.platform/Developer/SDKs/iPhoneSimulator26.2.sdk/usr/lib/libz.tbd -Xlinker -sectcreate -Xlinker __TEXT -Xlinker __entitlements -Xlinker /Users/alfredo/Workspace/PTP-Implementation/ptpd/build-cmake/ios-simulator/build/monitor_demo.build/Debug-iphonesimulator/monitor_demo.app-Simulated.xcent -Xlinker -sectcreate -Xlinker __TEXT -Xlinker __ents_der -Xlinker /Users/alfredo/Workspace/PTP-Implementation/ptpd/build-cmake/ios-simulator/build/monitor_demo.build/Debug-iphonesimulator/monitor_demo.app-Simulated.xcent.der -Xlinker -no_adhoc_codesign -o /Users/alfredo/Workspace/PTP-Implementation/ptpd/build-cmake/ios-simulator/build/monitor_demo.build/Debug-iphonesimulator/Objects-normal/x86_64/Binary/monitor_demo

Ld /Users/alfredo/Workspace/PTP-Implementation/ptpd/build-cmake/ios-simulator/build/monitor_demo.build/Debug-iphonesimulator/Objects-normal/arm64/Binary/monitor_demo normal arm64 (in target 'monitor_demo' from project 'ptpd')
    cd /Users/alfredo/Workspace/PTP-Implementation/ptpd
    /Applications/Xcode.app/Contents/Developer/Toolchains/XcodeDefault.xctoolchain/usr/bin/clang -Xlinker -reproducible -target arm64-apple-ios15.0-simulator -isysroot /Applications/Xcode.app/Contents/Developer/Platforms/iPhoneSimulator.platform/Developer/SDKs/iPhoneSimulator26.2.sdk -O0 -L/Users/alfredo/Workspace/PTP-Implementation/ptpd/build-cmake/ios-simulator/build/EagerLinkingTBDs/Debug-iphonesimulator -L/Users/alfredo/Workspace/PTP-Implementation/ptpd/build-cmake/ios-simulator/libraries/swclock/Debug-iphonesimulator -F/Users/alfredo/Workspace/PTP-Implementation/ptpd/build-cmake/ios-simulator/build/EagerLinkingTBDs/Debug-iphonesimulator -F/Users/alfredo/Workspace/PTP-Implementation/ptpd/build-cmake/ios-simulator/libraries/swclock/Debug-iphonesimulator -filelist /Users/alfredo/Workspace/PTP-Implementation/ptpd/build-cmake/ios-simulator/build/monitor_demo.build/Debug-iphonesimulator/Objects-normal/arm64/monitor_demo.LinkFileList -dead_strip -Xlinker -object_path_lto -Xlinker /Users/alfredo/Workspace/PTP-Implementation/ptpd/build-cmake/ios-simulator/build/monitor_demo.build/Debug-iphonesimulator/Objects-normal/arm64/monitor_demo_lto.o -Xlinker -no_deduplicate -Xlinker -objc_abi_version -Xlinker 2 -Xlinker -dependency_info -Xlinker /Users/alfredo/Workspace/PTP-Implementation/ptpd/build-cmake/ios-simulator/build/monitor_demo.build/Debug-iphonesimulator/Objects-normal/arm64/monitor_demo_dependency_info.dat -Wl,-headerpad_max_install_names /Users/alfredo/Workspace/PTP-Implementation/ptpd/build-cmake/ios-simulator/libraries/swclock/Debug-iphonesimulator/libswclock.a /Applications/Xcode.app/Contents/Developer/Platforms/iPhoneSimulator.platform/Developer/SDKs/iPhoneSimulator26.2.sdk/usr/lib/libm.tbd /Applications/Xcode.app/Contents/Developer/Platforms/iPhoneSimulator.platform/Developer/SDKs/iPhoneSimulator26.2.sdk/usr/lib/libz.tbd -Xlinker -sectcreate -Xlinker __TEXT -Xlinker __entitlements -Xlinker /Users/alfredo/Workspace/PTP-Implementation/ptpd/build-cmake/ios-simulator/build/monitor_demo.build/Debug-iphonesimulator/monitor_demo.app-Simulated.xcent -Xlinker -sectcreate -Xlinker __TEXT -Xlinker __ents_der -Xlinker /Users/alfredo/Workspace/PTP-Implementation/ptpd/build-cmake/ios-simulator/build/monitor_demo.build/Debug-iphonesimulator/monitor_demo.app-Simulated.xcent.der -Xlinker -no_adhoc_codesign -o /Users/alfredo/Workspace/PTP-Implementation/ptpd/build-cmake/ios-simulator/build/monitor_demo.build/Debug-iphonesimulator/Objects-normal/arm64/Binary/monitor_demo

CompileC /Users/alfredo/Workspace/PTP-Implementation/ptpd/build-cmake/ios-simulator/build/ptpd2.build/Debug-iphonesimulator/Objects-normal/arm64/bmc.o /Users/alfredo/Workspace/PTP-Implementation/ptpd/src/bmc.c normal arm64 c com.apple.compilers.llvm.clang.1_0.compiler (in target 'ptpd2' from project 'ptpd')
    cd /Users/alfredo/Workspace/PTP-Implementation/ptpd
    
    Using response file: /Users/alfredo/Workspace/PTP-Implementation/ptpd/build-cmake/ios-simulator/build/ptpd2.build/Debug-iphonesimulator/Objects-normal/arm64/7187679823f38a2a940e0043cdf9d637-common-args.resp
    
    /Applications/Xcode.app/Contents/Developer/Toolchains/XcodeDefault.xctoolchain/usr/bin/clang -x c -ivfsstatcache /Users/alfredo/Library/Developer/Xcode/DerivedData/SDKStatCaches.noindex/iphonesimulator26.2-23C53-7d00a8b37fbd7999ea79df8ebc024bf0.sdkstatcache -fmessage-length\=0 -fdiagnostics-show-note-include-stack -fmacro-backtrace-limit\=0 -fno-color-diagnostics -Wno-trigraphs -Wno-missing-field-initializers -Wno-missing-prototypes -Wno-return-type -Wno-missing-braces -Wparentheses -Wswitch -Wno-unused-function -Wno-unused-label -Wno-unused-parameter -Wno-unused-variable -Wunused-value -Wno-empty-body -Wno-uninitialized -Wno-unknown-pragmas -Wno-shadow -Wno-four-char-constants -Wno-conversion -Wno-constant-conversion -Wno-int-conversion -Wno-bool-conversion -Wno-enum-conversion -Wno-float-conversion -Wno-non-literal-null-conversion -Wno-objc-literal-conversion -Wshorten-64-to-32 -Wpointer-sign -Wno-newline-eof -Wno-implicit-fallthrough -fstrict-aliasing -Wdeprecated-declarations -Wno-sign-conversion -Wno-infinite-recursion -Wno-comma -Wno-block-capture-autoreleasing -Wno-strict-prototypes -Wno-semicolon-before-method-body -index-store-path /Users/alfredo/Library/Developer/Xcode/DerivedData/ptpd-ckkaoshwswuydmbetxbmgznxlvtr/Index.noindex/DataStore -Wall @/Users/alfredo/Workspace/PTP-Implementation/ptpd/build-cmake/ios-simulator/build/ptpd2.build/Debug-iphonesimulator/Objects-normal/arm64/7187679823f38a2a940e0043cdf9d637-common-args.resp -MMD -MT dependencies -MF /Users/alfredo/Workspace/PTP-Implementation/ptpd/build-cmake/ios-simulator/build/ptpd2.build/Debug-iphonesimulator/Objects-normal/arm64/bmc.d --serialize-diagnostics /Users/alfredo/Workspace/PTP-Implementation/ptpd/build-cmake/ios-simulator/build/ptpd2.build/Debug-iphonesimulator/Objects-normal/arm64/bmc.dia -c /Users/alfredo/Workspace/PTP-Implementation/ptpd/src/bmc.c -o /Users/alfredo/Workspace/PTP-Implementation/ptpd/build-cmake/ios-simulator/build/ptpd2.build/Debug-iphonesimulator/Objects-normal/arm64/bmc.o -index-unit-output-path /ptpd2.build/Debug-iphonesimulator/Objects-normal/arm64/bmc.o
In file included from /Users/alfredo/Workspace/PTP-Implementation/ptpd/src/bmc.c:55:
In file included from /Users/alfredo/Workspace/PTP-Implementation/ptpd/src/ptpd.h:162:
/Users/alfredo/Workspace/PTP-Implementation/ptpd/src/dep/constants_dep.h:149:9: warning: 'UNICAST_MAX_DESTINATIONS' macro redefined [-Wmacro-redefined]
  149 | #define UNICAST_MAX_DESTINATIONS 16
      |         ^
In file included from /Users/alfredo/Workspace/PTP-Implementation/ptpd/src/bmc.c:55:
In file included from /Users/alfredo/Workspace/PTP-Implementation/ptpd/src/ptpd.h:22:
/Users/alfredo/Workspace/PTP-Implementation/ptpd/build-cmake/ios-simulator/config.h:243:9: note: previous definition is here
  243 | #define UNICAST_MAX_DESTINATIONS 128
      |         ^
1 warning generated.

CompileC /Users/alfredo/Workspace/PTP-Implementation/ptpd/build-cmake/ios-simulator/build/ptpd2.build/Debug-iphonesimulator/Objects-normal/arm64/alarms.o /Users/alfredo/Workspace/PTP-Implementation/ptpd/src/dep/alarms.c normal arm64 c com.apple.compilers.llvm.clang.1_0.compiler (in target 'ptpd2' from project 'ptpd')
    cd /Users/alfredo/Workspace/PTP-Implementation/ptpd
    
    Using response file: /Users/alfredo/Workspace/PTP-Implementation/ptpd/build-cmake/ios-simulator/build/ptpd2.build/Debug-iphonesimulator/Objects-normal/arm64/7187679823f38a2a940e0043cdf9d637-common-args.resp
    
    /Applications/Xcode.app/Contents/Developer/Toolchains/XcodeDefault.xctoolchain/usr/bin/clang -x c -ivfsstatcache /Users/alfredo/Library/Developer/Xcode/DerivedData/SDKStatCaches.noindex/iphonesimulator26.2-23C53-7d00a8b37fbd7999ea79df8ebc024bf0.sdkstatcache -fmessage-length\=0 -fdiagnostics-show-note-include-stack -fmacro-backtrace-limit\=0 -fno-color-diagnostics -Wno-trigraphs -Wno-missing-field-initializers -Wno-missing-prototypes -Wno-return-type -Wno-missing-braces -Wparentheses -Wswitch -Wno-unused-function -Wno-unused-label -Wno-unused-parameter -Wno-unused-variable -Wunused-value -Wno-empty-body -Wno-uninitialized -Wno-unknown-pragmas -Wno-shadow -Wno-four-char-constants -Wno-conversion -Wno-constant-conversion -Wno-int-conversion -Wno-bool-conversion -Wno-enum-conversion -Wno-float-conversion -Wno-non-literal-null-conversion -Wno-objc-literal-conversion -Wshorten-64-to-32 -Wpointer-sign -Wno-newline-eof -Wno-implicit-fallthrough -fstrict-aliasing -Wdeprecated-declarations -Wno-sign-conversion -Wno-infinite-recursion -Wno-comma -Wno-block-capture-autoreleasing -Wno-strict-prototypes -Wno-semicolon-before-method-body -index-store-path /Users/alfredo/Library/Developer/Xcode/DerivedData/ptpd-ckkaoshwswuydmbetxbmgznxlvtr/Index.noindex/DataStore -Wall @/Users/alfredo/Workspace/PTP-Implementation/ptpd/build-cmake/ios-simulator/build/ptpd2.build/Debug-iphonesimulator/Objects-normal/arm64/7187679823f38a2a940e0043cdf9d637-common-args.resp -MMD -MT dependencies -MF /Users/alfredo/Workspace/PTP-Implementation/ptpd/build-cmake/ios-simulator/build/ptpd2.build/Debug-iphonesimulator/Objects-normal/arm64/alarms.d --serialize-diagnostics /Users/alfredo/Workspace/PTP-Implementation/ptpd/build-cmake/ios-simulator/build/ptpd2.build/Debug-iphonesimulator/Objects-normal/arm64/alarms.dia -c /Users/alfredo/Workspace/PTP-Implementation/ptpd/src/dep/alarms.c -o /Users/alfredo/Workspace/PTP-Implementation/ptpd/build-cmake/ios-simulator/build/ptpd2.build/Debug-iphonesimulator/Objects-normal/arm64/alarms.o -index-unit-output-path /ptpd2.build/Debug-iphonesimulator/Objects-normal/arm64/alarms.o
In file included from /Users/alfredo/Workspace/PTP-Implementation/ptpd/src/dep/alarms.c:36:
In file included from /Users/alfredo/Workspace/PTP-Implementation/ptpd/src/dep/../ptpd.h:162:
/Users/alfredo/Workspace/PTP-Implementation/ptpd/src/dep/../dep/constants_dep.h:149:9: warning: 'UNICAST_MAX_DESTINATIONS' macro redefined [-Wmacro-redefined]
  149 | #define UNICAST_MAX_DESTINATIONS 16
      |         ^
In file included from /Users/alfredo/Workspace/PTP-Implementation/ptpd/src/dep/alarms.c:36:
In file included from /Users/alfredo/Workspace/PTP-Implementation/ptpd/src/dep/../ptpd.h:22:
/Users/alfredo/Workspace/PTP-Implementation/ptpd/build-cmake/ios-simulator/config.h:243:9: note: previous definition is here
  243 | #define UNICAST_MAX_DESTINATIONS 128
      |         ^
1 warning generated.

ProcessInfoPlistFile /Users/alfredo/Workspace/PTP-Implementation/ptpd/build-cmake/ios-simulator/libraries/swclock/Debug-iphonesimulator/swclock_event_dump.app/Info.plist /Users/alfredo/Workspace/PTP-Implementation/ptpd/build-cmake/ios-simulator/libraries/swclock/CMakeFiles/swclock_event_dump.dir/Info.plist (in target 'swclock_event_dump' from project 'ptpd')
    cd /Users/alfredo/Workspace/PTP-Implementation/ptpd
    builtin-infoPlistUtility /Users/alfredo/Workspace/PTP-Implementation/ptpd/build-cmake/ios-simulator/libraries/swclock/CMakeFiles/swclock_event_dump.dir/Info.plist -producttype com.apple.product-type.application -genpkginfo /Users/alfredo/Workspace/PTP-Implementation/ptpd/build-cmake/ios-simulator/libraries/swclock/Debug-iphonesimulator/swclock_event_dump.app/PkgInfo -expandbuildsettings -format binary -platform iphonesimulator -o /Users/alfredo/Workspace/PTP-Implementation/ptpd/build-cmake/ios-simulator/libraries/swclock/Debug-iphonesimulator/swclock_event_dump.app/Info.plist

ProcessInfoPlistFile /Users/alfredo/Workspace/PTP-Implementation/ptpd/build-cmake/ios-simulator/libraries/swclock/Debug-iphonesimulator/monitor_demo.app/Info.plist /Users/alfredo/Workspace/PTP-Implementation/ptpd/build-cmake/ios-simulator/libraries/swclock/CMakeFiles/monitor_demo.dir/Info.plist (in target 'monitor_demo' from project 'ptpd')
    cd /Users/alfredo/Workspace/PTP-Implementation/ptpd
    builtin-infoPlistUtility /Users/alfredo/Workspace/PTP-Implementation/ptpd/build-cmake/ios-simulator/libraries/swclock/CMakeFiles/monitor_demo.dir/Info.plist -producttype com.apple.product-type.application -genpkginfo /Users/alfredo/Workspace/PTP-Implementation/ptpd/build-cmake/ios-simulator/libraries/swclock/Debug-iphonesimulator/monitor_demo.app/PkgInfo -expandbuildsettings -format binary -platform iphonesimulator -o /Users/alfredo/Workspace/PTP-Implementation/ptpd/build-cmake/ios-simulator/libraries/swclock/Debug-iphonesimulator/monitor_demo.app/Info.plist

Libtool /Users/alfredo/Workspace/PTP-Implementation/ptpd/build-cmake/ios-simulator/build/ptpd2.build/Debug-iphonesimulator/Objects-normal/x86_64/Binary/libptpd2.a normal x86_64 (in target 'ptpd2' from project 'ptpd')
    cd /Users/alfredo/Workspace/PTP-Implementation/ptpd
    /Applications/Xcode.app/Contents/Developer/Toolchains/XcodeDefault.xctoolchain/usr/bin/libtool -static -arch_only x86_64 -D -syslibroot /Applications/Xcode.app/Contents/Developer/Platforms/iPhoneSimulator.platform/Developer/SDKs/iPhoneSimulator26.2.sdk -L/Users/alfredo/Workspace/PTP-Implementation/ptpd/build-cmake/ios-simulator/src/Debug-iphonesimulator -filelist /Users/alfredo/Workspace/PTP-Implementation/ptpd/build-cmake/ios-simulator/build/ptpd2.build/Debug-iphonesimulator/Objects-normal/x86_64/ptpd2.LinkFileList -dependency_info /Users/alfredo/Workspace/PTP-Implementation/ptpd/build-cmake/ios-simulator/build/ptpd2.build/Debug-iphonesimulator/Objects-normal/x86_64/ptpd2_libtool_dependency_info.dat -o /Users/alfredo/Workspace/PTP-Implementation/ptpd/build-cmake/ios-simulator/build/ptpd2.build/Debug-iphonesimulator/Objects-normal/x86_64/Binary/libptpd2.a

GenerateDSYMFile /Users/alfredo/Workspace/PTP-Implementation/ptpd/build-cmake/ios-simulator/libraries/swclock/Debug-iphonesimulator/swclock_event_dump.app.dSYM /Users/alfredo/Workspace/PTP-Implementation/ptpd/build-cmake/ios-simulator/libraries/swclock/Debug-iphonesimulator/swclock_event_dump.app/swclock_event_dump (in target 'swclock_event_dump' from project 'ptpd')
    cd /Users/alfredo/Workspace/PTP-Implementation/ptpd
    /Applications/Xcode.app/Contents/Developer/Toolchains/XcodeDefault.xctoolchain/usr/bin/dsymutil /Users/alfredo/Workspace/PTP-Implementation/ptpd/build-cmake/ios-simulator/libraries/swclock/Debug-iphonesimulator/swclock_event_dump.app/swclock_event_dump -o /Users/alfredo/Workspace/PTP-Implementation/ptpd/build-cmake/ios-simulator/libraries/swclock/Debug-iphonesimulator/swclock_event_dump.app.dSYM

CodeSign /Users/alfredo/Workspace/PTP-Implementation/ptpd/build-cmake/ios-simulator/libraries/swclock/Debug-iphonesimulator/swclock_event_dump.app (in target 'swclock_event_dump' from project 'ptpd')
    cd /Users/alfredo/Workspace/PTP-Implementation/ptpd
    
    Signing Identity:     "Sign to Run Locally"
    
    /usr/bin/codesign --force --sign - --timestamp\=none --generate-entitlement-der /Users/alfredo/Workspace/PTP-Implementation/ptpd/build-cmake/ios-simulator/libraries/swclock/Debug-iphonesimulator/swclock_event_dump.app

CreateUniversalBinary /Users/alfredo/Workspace/PTP-Implementation/ptpd/build-cmake/ios-simulator/libraries/swclock/Debug-iphonesimulator/monitor_demo.app/monitor_demo normal x86_64\ arm64 (in target 'monitor_demo' from project 'ptpd')
    cd /Users/alfredo/Workspace/PTP-Implementation/ptpd
    /Applications/Xcode.app/Contents/Developer/Toolchains/XcodeDefault.xctoolchain/usr/bin/lipo -create /Users/alfredo/Workspace/PTP-Implementation/ptpd/build-cmake/ios-simulator/build/monitor_demo.build/Debug-iphonesimulator/Objects-normal/x86_64/Binary/monitor_demo /Users/alfredo/Workspace/PTP-Implementation/ptpd/build-cmake/ios-simulator/build/monitor_demo.build/Debug-iphonesimulator/Objects-normal/arm64/Binary/monitor_demo -output /Users/alfredo/Workspace/PTP-Implementation/ptpd/build-cmake/ios-simulator/libraries/swclock/Debug-iphonesimulator/monitor_demo.app/monitor_demo

GenerateDSYMFile /Users/alfredo/Workspace/PTP-Implementation/ptpd/build-cmake/ios-simulator/libraries/swclock/Debug-iphonesimulator/monitor_demo.app.dSYM /Users/alfredo/Workspace/PTP-Implementation/ptpd/build-cmake/ios-simulator/libraries/swclock/Debug-iphonesimulator/monitor_demo.app/monitor_demo (in target 'monitor_demo' from project 'ptpd')
    cd /Users/alfredo/Workspace/PTP-Implementation/ptpd
    /Applications/Xcode.app/Contents/Developer/Toolchains/XcodeDefault.xctoolchain/usr/bin/dsymutil /Users/alfredo/Workspace/PTP-Implementation/ptpd/build-cmake/ios-simulator/libraries/swclock/Debug-iphonesimulator/monitor_demo.app/monitor_demo -o /Users/alfredo/Workspace/PTP-Implementation/ptpd/build-cmake/ios-simulator/libraries/swclock/Debug-iphonesimulator/monitor_demo.app.dSYM

RegisterExecutionPolicyException /Users/alfredo/Workspace/PTP-Implementation/ptpd/build-cmake/ios-simulator/libraries/swclock/Debug-iphonesimulator/swclock_event_dump.app (in target 'swclock_event_dump' from project 'ptpd')
    cd /Users/alfredo/Workspace/PTP-Implementation/ptpd
    builtin-RegisterExecutionPolicyException /Users/alfredo/Workspace/PTP-Implementation/ptpd/build-cmake/ios-simulator/libraries/swclock/Debug-iphonesimulator/swclock_event_dump.app

CodeSign /Users/alfredo/Workspace/PTP-Implementation/ptpd/build-cmake/ios-simulator/libraries/swclock/Debug-iphonesimulator/monitor_demo.app (in target 'monitor_demo' from project 'ptpd')
    cd /Users/alfredo/Workspace/PTP-Implementation/ptpd
    
    Signing Identity:     "Sign to Run Locally"
    
    /usr/bin/codesign --force --sign - --timestamp\=none --generate-entitlement-der /Users/alfredo/Workspace/PTP-Implementation/ptpd/build-cmake/ios-simulator/libraries/swclock/Debug-iphonesimulator/monitor_demo.app

Validate /Users/alfredo/Workspace/PTP-Implementation/ptpd/build-cmake/ios-simulator/libraries/swclock/Debug-iphonesimulator/swclock_event_dump.app (in target 'swclock_event_dump' from project 'ptpd')
    cd /Users/alfredo/Workspace/PTP-Implementation/ptpd
    builtin-validationUtility /Users/alfredo/Workspace/PTP-Implementation/ptpd/build-cmake/ios-simulator/libraries/swclock/Debug-iphonesimulator/swclock_event_dump.app -shallow-bundle -infoplist-subpath Info.plist

Touch /Users/alfredo/Workspace/PTP-Implementation/ptpd/build-cmake/ios-simulator/libraries/swclock/Debug-iphonesimulator/swclock_event_dump.app (in target 'swclock_event_dump' from project 'ptpd')
    cd /Users/alfredo/Workspace/PTP-Implementation/ptpd
    /usr/bin/touch -c /Users/alfredo/Workspace/PTP-Implementation/ptpd/build-cmake/ios-simulator/libraries/swclock/Debug-iphonesimulator/swclock_event_dump.app

RegisterExecutionPolicyException /Users/alfredo/Workspace/PTP-Implementation/ptpd/build-cmake/ios-simulator/libraries/swclock/Debug-iphonesimulator/monitor_demo.app (in target 'monitor_demo' from project 'ptpd')
    cd /Users/alfredo/Workspace/PTP-Implementation/ptpd
    builtin-RegisterExecutionPolicyException /Users/alfredo/Workspace/PTP-Implementation/ptpd/build-cmake/ios-simulator/libraries/swclock/Debug-iphonesimulator/monitor_demo.app

Validate /Users/alfredo/Workspace/PTP-Implementation/ptpd/build-cmake/ios-simulator/libraries/swclock/Debug-iphonesimulator/monitor_demo.app (in target 'monitor_demo' from project 'ptpd')
    cd /Users/alfredo/Workspace/PTP-Implementation/ptpd
    builtin-validationUtility /Users/alfredo/Workspace/PTP-Implementation/ptpd/build-cmake/ios-simulator/libraries/swclock/Debug-iphonesimulator/monitor_demo.app -shallow-bundle -infoplist-subpath Info.plist

Touch /Users/alfredo/Workspace/PTP-Implementation/ptpd/build-cmake/ios-simulator/libraries/swclock/Debug-iphonesimulator/monitor_demo.app (in target 'monitor_demo' from project 'ptpd')
    cd /Users/alfredo/Workspace/PTP-Implementation/ptpd
    /usr/bin/touch -c /Users/alfredo/Workspace/PTP-Implementation/ptpd/build-cmake/ios-simulator/libraries/swclock/Debug-iphonesimulator/monitor_demo.app

Libtool /Users/alfredo/Workspace/PTP-Implementation/ptpd/build-cmake/ios-simulator/build/ptpd2.build/Debug-iphonesimulator/Objects-normal/arm64/Binary/libptpd2.a normal arm64 (in target 'ptpd2' from project 'ptpd')
    cd /Users/alfredo/Workspace/PTP-Implementation/ptpd
    /Applications/Xcode.app/Contents/Developer/Toolchains/XcodeDefault.xctoolchain/usr/bin/libtool -static -arch_only arm64 -D -syslibroot /Applications/Xcode.app/Contents/Developer/Platforms/iPhoneSimulator.platform/Developer/SDKs/iPhoneSimulator26.2.sdk -L/Users/alfredo/Workspace/PTP-Implementation/ptpd/build-cmake/ios-simulator/src/Debug-iphonesimulator -filelist /Users/alfredo/Workspace/PTP-Implementation/ptpd/build-cmake/ios-simulator/build/ptpd2.build/Debug-iphonesimulator/Objects-normal/arm64/ptpd2.LinkFileList -dependency_info /Users/alfredo/Workspace/PTP-Implementation/ptpd/build-cmake/ios-simulator/build/ptpd2.build/Debug-iphonesimulator/Objects-normal/arm64/ptpd2_libtool_dependency_info.dat -o /Users/alfredo/Workspace/PTP-Implementation/ptpd/build-cmake/ios-simulator/build/ptpd2.build/Debug-iphonesimulator/Objects-normal/arm64/Binary/libptpd2.a

CreateUniversalBinary /Users/alfredo/Workspace/PTP-Implementation/ptpd/build-cmake/ios-simulator/src/Debug-iphonesimulator/libptpd2.a normal x86_64\ arm64 (in target 'ptpd2' from project 'ptpd')
    cd /Users/alfredo/Workspace/PTP-Implementation/ptpd
    /Applications/Xcode.app/Contents/Developer/Toolchains/XcodeDefault.xctoolchain/usr/bin/lipo -create /Users/alfredo/Workspace/PTP-Implementation/ptpd/build-cmake/ios-simulator/build/ptpd2.build/Debug-iphonesimulator/Objects-normal/x86_64/Binary/libptpd2.a /Users/alfredo/Workspace/PTP-Implementation/ptpd/build-cmake/ios-simulator/build/ptpd2.build/Debug-iphonesimulator/Objects-normal/arm64/Binary/libptpd2.a -output /Users/alfredo/Workspace/PTP-Implementation/ptpd/build-cmake/ios-simulator/src/Debug-iphonesimulator/libptpd2.a

note: Run script build phase 'Generate CMakeFiles/ALL_BUILD' will be run during every build because the option to run the script phase "Based on dependency analysis" is unchecked. (in target 'ALL_BUILD' from project 'ptpd')
PhaseScriptExecution Generate\ CMakeFiles/ALL_BUILD /Users/alfredo/Workspace/PTP-Implementation/ptpd/build-cmake/ios-simulator/build/ptpd.build/Debug-iphonesimulator/ALL_BUILD.build/Script-755FE5A0FCB1F2D0BB7833F3.sh (in target 'ALL_BUILD' from project 'ptpd')
    cd /Users/alfredo/Workspace/PTP-Implementation/ptpd
    /bin/sh -c /Users/alfredo/Workspace/PTP-Implementation/ptpd/build-cmake/ios-simulator/build/ptpd.build/Debug-iphonesimulator/ALL_BUILD.build/Script-755FE5A0FCB1F2D0BB7833F3.sh
Build all projects

note: Removed stale file '/Users/alfredo/Workspace/PTP-Implementation/ptpd/build-cmake/ios-simulator/build/ptpd2.build/Debug-iphonesimulator/DerivedSources/Entitlements-Simulated.plist'

note: Removed stale file '/Users/alfredo/Workspace/PTP-Implementation/ptpd/build-cmake/ios-simulator/build/ptpd2.build/Debug-iphonesimulator/ptpd2.app-Simulated.xcent'

note: Removed stale file '/Users/alfredo/Workspace/PTP-Implementation/ptpd/build-cmake/ios-simulator/build/ptpd2.build/Debug-iphonesimulator/ptpd2.app-Simulated.xcent.der'

warning: Stale file '/Users/alfredo/Workspace/PTP-Implementation/ptpd/build-cmake/ios-simulator/src/Debug-iphonesimulator/ptpd2.app' is located outside of the allowed root paths.

warning: Stale file '/Users/alfredo/Workspace/PTP-Implementation/ptpd/build-cmake/ios-simulator/src/Debug-iphonesimulator/ptpd2.app.dSYM/Contents/Resources/DWARF/ptpd2' is located outside of the allowed root paths.

warning: Stale file '/Users/alfredo/Workspace/PTP-Implementation/ptpd/build-cmake/ios-simulator/src/Debug-iphonesimulator/ptpd2.app/Info.plist' is located outside of the allowed root paths.

warning: Stale file '/Users/alfredo/Workspace/PTP-Implementation/ptpd/build-cmake/ios-simulator/src/Debug-iphonesimulator/ptpd2.app/PkgInfo' is located outside of the allowed root paths.

warning: Stale file '/Users/alfredo/Workspace/PTP-Implementation/ptpd/build-cmake/ios-simulator/src/Debug-iphonesimulator/ptpd2.app/_CodeSignature' is located outside of the allowed root paths.

warning: Stale file '/Users/alfredo/Workspace/PTP-Implementation/ptpd/build-cmake/ios-simulator/src/Debug-iphonesimulator/ptpd2.app/ptpd2' is located outside of the allowed root paths.

note: Run script build phase 'Generate CMakeFiles/ZERO_CHECK' will be run during every build because the option to run the script phase "Based on dependency analysis" is unchecked. (in target 'ZERO_CHECK' from project 'ptpd')
** BUILD SUCCEEDED **


==> Checking build outputs...
./libraries/swclock/Debug-iphonesimulator/libswclock.a
./build/ptpd2.build/Debug-iphonesimulator/Objects-normal/arm64/Binary/libptpd2.a
./build/ptpd2.build/Debug-iphonesimulator/Objects-normal/x86_64/Binary/libptpd2.a
./build/swclock.build/Debug-iphonesimulator/Objects-normal/arm64/Binary/libswclock.a
./build/swclock.build/Debug-iphonesimulator/Objects-normal/x86_64/Binary/libswclock.a
./src/Debug-iphonesimulator/libptpd2.a
==> Building iOS PTP Monitor app...
-- The C compiler identification is AppleClang 17.0.0.17000603
-- The OBJC compiler identification is AppleClang 17.0.0.17000603
-- The Swift compiler identification is Apple 6.2.3
-- Detecting C compiler ABI info
-- Detecting C compiler ABI info - done
-- Check for working C compiler: /Applications/Xcode.app/Contents/Developer/Toolchains/XcodeDefault.xctoolchain/usr/bin/clang - skipped
-- Detecting C compile features
-- Detecting C compile features - done
-- Detecting OBJC compiler ABI info
-- Detecting OBJC compiler ABI info - done
-- Check for working OBJC compiler: /Applications/Xcode.app/Contents/Developer/Toolchains/XcodeDefault.xctoolchain/usr/bin/clang - skipped
-- Check for working Swift compiler: /Applications/Xcode.app/Contents/Developer/Toolchains/XcodeDefault.xctoolchain/usr/bin/swiftc
-- Check for working Swift compiler: /Applications/Xcode.app/Contents/Developer/Toolchains/XcodeDefault.xctoolchain/usr/bin/swiftc - works
-- Configuring done (7.2s)
-- Generating done (0.0s)
-- Build files have been written to: /Users/alfredo/Workspace/PTP-Implementation/ptpd/build-cmake/ios-app
==> Opening Xcode project...

✅ Build complete!

Next steps:
1. Xcode should now be open with the PTPMonitor projet
2. Select an iOS Simulator from the scheme dropdown
3. Press Cmd+R to build and run

